/Users/luoyi/Desktop/shortvideo_mmgcn_poc/.venv/lib/python3.10/site-packages/lightgbm/basic.py:743: UserWarning: Usage of np.ndarray subset (sliced data) is not recommended due to it will double the peak memory cost in LightGBM.
  _log_warning(
/Users/luoyi/Desktop/shortvideo_mmgcn_poc/.venv/lib/python3.10/site-packages/sklearn/utils/validation.py:2749: UserWarning: X does not have valid feature names, but LGBMRegressor was fitted with feature names
  warnings.warn(
/Users/luoyi/Desktop/shortvideo_mmgcn_poc/.venv/lib/python3.10/site-packages/sklearn/utils/validation.py:2749: UserWarning: X does not have valid feature names, but LGBMRegressor was fitted with feature names
  warnings.warn(
/Users/luoyi/Desktop/shortvideo_mmgcn_poc/.venv/lib/python3.10/site-packages/lightgbm/basic.py:743: UserWarning: Usage of np.ndarray subset (sliced data) is not recommended due to it will double the peak memory cost in LightGBM.
  _log_warning(
/Users/luoyi/Desktop/shortvideo_mmgcn_poc/.venv/lib/python3.10/site-packages/sklearn/utils/validation.py:2749: UserWarning: X does not have valid feature names, but LGBMRegressor was fitted with feature names
  warnings.warn(
/Users/luoyi/Desktop/shortvideo_mmgcn_poc/.venv/lib/python3.10/site-packages/sklearn/utils/validation.py:2749: UserWarning: X does not have valid feature names, but LGBMRegressor was fitted with feature names
  warnings.warn(
/Users/luoyi/Desktop/shortvideo_mmgcn_poc/.venv/lib/python3.10/site-packages/lightgbm/basic.py:743: UserWarning: Usage of np.ndarray subset (sliced data) is not recommended due to it will double the peak memory cost in LightGBM.
  _log_warning(
/Users/luoyi/Desktop/shortvideo_mmgcn_poc/.venv/lib/python3.10/site-packages/sklearn/utils/validation.py:2749: UserWarning: X does not have valid feature names, but LGBMRegressor was fitted with feature names
  warnings.warn(
/Users/luoyi/Desktop/shortvideo_mmgcn_poc/.venv/lib/python3.10/site-packages/sklearn/utils/validation.py:2749: UserWarning: X does not have valid feature names, but LGBMRegressor was fitted with feature names
  warnings.warn(
/Users/luoyi/Desktop/shortvideo_mmgcn_poc/.venv/lib/python3.10/site-packages/lightgbm/basic.py:743: UserWarning: Usage of np.ndarray subset (sliced data) is not recommended due to it will double the peak memory cost in LightGBM.
  _log_warning(
/Users/luoyi/Desktop/shortvideo_mmgcn_poc/.venv/lib/python3.10/site-packages/sklearn/utils/validation.py:2749: UserWarning: X does not have valid feature names, but LGBMRegressor was fitted with feature names
  warnings.warn(
/Users/luoyi/Desktop/shortvideo_mmgcn_poc/.venv/lib/python3.10/site-packages/sklearn/utils/validation.py:2749: UserWarning: X does not have valid feature names, but LGBMRegressor was fitted with feature names
  warnings.warn(
/Users/luoyi/Desktop/shortvideo_mmgcn_poc/.venv/lib/python3.10/site-packages/lightgbm/basic.py:743: UserWarning: Usage of np.ndarray subset (sliced data) is not recommended due to it will double the peak memory cost in LightGBM.
  _log_warning(
/Users/luoyi/Desktop/shortvideo_mmgcn_poc/.venv/lib/python3.10/site-packages/sklearn/utils/validation.py:2749: UserWarning: X does not have valid feature names, but LGBMRegressor was fitted with feature names
  warnings.warn(
/Users/luoyi/Desktop/shortvideo_mmgcn_poc/.venv/lib/python3.10/site-packages/sklearn/utils/validation.py:2749: UserWarning: X does not have valid feature names, but LGBMRegressor was fitted with feature names
  warnings.warn(
/Users/luoyi/Desktop/shortvideo_mmgcn_poc/.venv/lib/python3.10/site-packages/lightgbm/basic.py:743: UserWarning: Usage of np.ndarray subset (sliced data) is not recommended due to it will double the peak memory cost in LightGBM.
  _log_warning(
/Users/luoyi/Desktop/shortvideo_mmgcn_poc/.venv/lib/python3.10/site-packages/sklearn/utils/validation.py:2749: UserWarning: X does not have valid feature names, but LGBMRegressor was fitted with feature names
  warnings.warn(
/Users/luoyi/Desktop/shortvideo_mmgcn_poc/.venv/lib/python3.10/site-packages/sklearn/utils/validation.py:2749: UserWarning: X does not have valid feature names, but LGBMRegressor was fitted with feature names
  warnings.warn(
/Users/luoyi/Desktop/shortvideo_mmgcn_poc/.venv/lib/python3.10/site-packages/lightgbm/basic.py:743: UserWarning: Usage of np.ndarray subset (sliced data) is not recommended due to it will double the peak memory cost in LightGBM.
  _log_warning(
/Users/luoyi/Desktop/shortvideo_mmgcn_poc/.venv/lib/python3.10/site-packages/sklearn/utils/validation.py:2749: UserWarning: X does not have valid feature names, but LGBMRegressor was fitted with feature names
  warnings.warn(
/Users/luoyi/Desktop/shortvideo_mmgcn_poc/.venv/lib/python3.10/site-packages/sklearn/utils/validation.py:2749: UserWarning: X does not have valid feature names, but LGBMRegressor was fitted with feature names
  warnings.warn(
/Users/luoyi/Desktop/shortvideo_mmgcn_poc/.venv/lib/python3.10/site-packages/sklearn/utils/validation.py:2749: UserWarning: X does not have valid feature names, but LGBMRegressor was fitted with feature names
  warnings.warn(
/Users/luoyi/Desktop/shortvideo_mmgcn_poc/.venv/lib/python3.10/site-packages/sklearn/utils/validation.py:2749: UserWarning: X does not have valid feature names, but LGBMRegressor was fitted with feature names
  warnings.warn(
X: (54088, 818), Y: (54088, 8)
train: 43270, val: 5409, test: 5409

=== training like_rate (rate) ===
{'mae': 0.0441, 'rmse': 0.082, 'spearman': -0.0013, 'auc_above_median': 0.4983}

=== training comment_rate (rate) ===
{'mae': 0.0091, 'rmse': 0.0366, 'spearman': -0.0029, 'auc_above_median': 0.4963}

=== training follow_rate (rate) ===
{'mae': 0.0079, 'rmse': 0.0362, 'spearman': -0.0085, 'auc_above_median': 0.4869}

=== training collect_rate (rate) ===
{'mae': 0.0125, 'rmse': 0.0414, 'spearman': -0.0348, 'auc_above_median': 0.4595}

=== training forward_rate (rate) ===
{'mae': 0.0046, 'rmse': 0.0261, 'spearman': -0.0115, 'auc_above_median': 0.48}

=== training hate_rate (rate) ===
{'mae': 0.002, 'rmse': 0.0136, 'spearman': -0.014, 'auc_above_median': 0.4602}

=== training effective_view_rate (rate) ===
{'mae': 0.1425, 'rmse': 0.1769, 'spearman': 0.016, 'auc_above_median': 0.5075}

=== training mean_watch_time (regress) ===
{'mae': 23.6306, 'rmse': 34.6774, 'spearman': 0.0471}

=== done ===
{
  "like_rate": {
    "mae": 0.04414115538441328,
    "rmse": 0.08198856052197236,
    "spearman": -0.0013450799553579454,
    "auc_above_median": 0.4982684710957714
  },
  "comment_rate": {
    "mae": 0.0090991720906387,
    "rmse": 0.03656581569795751,
    "spearman": -0.002907258821369088,
    "auc_above_median": 0.4962806745493312
  },
  "follow_rate": {
    "mae": 0.007905594543340637,
    "rmse": 0.03621909105940266,
    "spearman": -0.008521808453124469,
    "auc_above_median": 0.48688172906017635
  },
  "collect_rate": {
    "mae": 0.012474478755872227,
    "rmse": 0.04141854053189619,
    "spearman": -0.034782763942128134,
    "auc_above_median": 0.45947368011438305
  },
  "forward_rate": {
    "mae": 0.004635378281805912,
    "rmse": 0.026116770914894224,
    "spearman": -0.011471912125635319,
    "auc_above_median": 0.4800206260242375
  },
  "hate_rate": {
    "mae": 0.001976025655874281,
    "rmse": 0.013551748336167478,
    "spearman": -0.013980013705939034,
    "auc_above_median": 0.46019945147255203
  },
  "effective_view_rate": {
    "mae": 0.14254748037168252,
    "rmse": 0.17693999492818027,
    "spearman": 0.016017884074920993,
    "auc_above_median": 0.5075157959564977
  },
  "mean_watch_time": {
    "mae": 23.630622623180596,
    "rmse": 34.6773766326852,
    "spearman": 0.04707502854480571
  }
}
